egrep - extended global regular expression parser

[1] grep â€“ basic search tool

ğŸ”¸Searches for text patterns in files using basic regex.

ğŸ”¸ Use When:
You just need simple matching.
You donâ€™t need |, +, ?, or ().

ğŸ”¸ Example:

$ grep "error" log.txt

[2] egrep â€“ extended grep

ğŸ”¸ Same as grep -E. Supports extended regex (ERE).

Can use:

| â†’ OR

+ â†’ One or more

? â†’ Zero or one

() â†’ Grouping

ğŸ”¸ Use When:
You want more powerful matching.

You use |, +, ?, () in your pattern.

ğŸ”¸ Example:

$ egrep "cat|dog" pets.txt

Or (modern way):

$ grep -E "cat|dog" pets.txt

[3] fgrep â€“ fixed grep
ğŸ”¸ What:
Same as grep -F. No regex at all. Matches text exactly as typed.

ğŸ”¸ Use When:
Your pattern has special characters like . or * and you want them to be treated as plain text.

You want faster searching (no regex).

ğŸ”¸ Example:

fgrep "x.y" file.txt

âœ… Will match lines with x.y (not "x followed by anything followed by y")

ğŸ§  4. rgrep â€“ recursive grep
ğŸ”¸ What: Same as:

$ grep -r "pattern" folder/

It searches in all files inside folders (recursively).

ğŸ”¸ Use When:
You want to search inside many files in folders.

ğŸ”¸ Example:

$ rgrep "password" /etc/

âœ… Will search for the word password in all files under /etc/.

ğŸ” Summary Table:

--------------------------------------------------------------------------------------
Command		Meaning			    Supports Regex?			Use For
--------------------------------------------------------------------------------------
grep		Basic grep		    Yes (basic)				Simple text search
egrep		Extended grep		Yes (extended)			`
fgrep		Fixed grep			âŒ No regex				Exact match, faster, safe
rgrep		Recursive grep		Yes						Search through folders/files
-------------------------------------------------------------------------------------
